
BUILD FAILED
C:\Users\John\Documents\IdeaProjects\TMCProjects\2013-OOProgrammingWithJava-PART2\week7-week7_08.Airport\nbproject\build-impl.xml:603: The following error occurred while executing this line:
C:\Users\John\Documents\IdeaProjects\TMCProjects\2013-OOProgrammingWithJava-PART2\week7-week7_08.Airport\nbproject\build-impl.xml:245: Error running javac.exe compiler

Total time: 0 seconds
